// Jest Snapshot v1, https://goo.gl/fbAQLP

exports[`<Pokedex /> should render correctly 1`] = `
<div>
  <Header />
  <MainContent />
</div>
`;
